../drivers/Src/stm32f407xx_spi.c:19:6:SPI_PeriClockControl	16	static
../drivers/Src/stm32f407xx_spi.c:51:6:SPI_Init	24	static
../drivers/Src/stm32f407xx_spi.c:94:6:SPI_DeInit	16	static
../drivers/Src/stm32f407xx_spi.c:109:9:SPI_GetFlagStatus	16	static
../drivers/Src/stm32f407xx_spi.c:124:6:SPI_SendData	24	static
../drivers/Src/stm32f407xx_spi.c:147:6:SPI_ReceiveData	24	static
../drivers/Src/stm32f407xx_spi.c:169:6:SPI_IRQITConfig	16	static
../drivers/Src/stm32f407xx_spi.c:207:6:SPI_IRQHandling	24	static
../drivers/Src/stm32f407xx_spi.c:235:6:SPI_IRQPriorityConfig	24	static
../drivers/Src/stm32f407xx_spi.c:242:6:SPI_PeripheralControl	16	static
../drivers/Src/stm32f407xx_spi.c:250:6:SPI_SSIConfig	16	static
../drivers/Src/stm32f407xx_spi.c:258:6:SPI_SSOEConfig	16	static
../drivers/Src/stm32f407xx_spi.c:266:9:SPI_SendDataIT	32	static
../drivers/Src/stm32f407xx_spi.c:281:9:SPI_ReceiveDataIT	32	static
../drivers/Src/stm32f407xx_spi.c:297:6:spi_txe_interrupt_handle	16	static
../drivers/Src/stm32f407xx_spi.c:316:6:spi_rxne_interrupt_handle	16	static
../drivers/Src/stm32f407xx_spi.c:335:6:spi_ovr_err_interrupt_handle	24	static
../drivers/Src/stm32f407xx_spi.c:345:6:SPI_ClearOVRFlag	24	static
../drivers/Src/stm32f407xx_spi.c:351:6:SPI_CloseTransmission	16	static
../drivers/Src/stm32f407xx_spi.c:357:6:SPI_CloseReception	16	static
../drivers/Src/stm32f407xx_spi.c:363:28:SPI_ApplicationEventCallback	16	static
