Archive member included to satisfy reference by file (symbol)

C:/ST/STM32CubeIDE_1.18.1/STM32CubeIDE/plugins/com.st.stm32cube.ide.mcu.externaltools.gnu-tools-for-stm32.13.3.rel1.win32_1.0.0.202411081344/tools/bin/../lib/gcc/arm-none-eabi/13.3.1/../../../../arm-none-eabi/lib/thumb/v7e-m/nofp\libc_nano.a(libc_a-exit.o)
                              C:/ST/STM32CubeIDE_1.18.1/STM32CubeIDE/plugins/com.st.stm32cube.ide.mcu.externaltools.gnu-tools-for-stm32.13.3.rel1.win32_1.0.0.202411081344/tools/bin/../lib/gcc/arm-none-eabi/13.3.1/../../../../arm-none-eabi/lib/thumb/v7e-m/nofp/crt0.o (exit)
C:/ST/STM32CubeIDE_1.18.1/STM32CubeIDE/plugins/com.st.stm32cube.ide.mcu.externaltools.gnu-tools-for-stm32.13.3.rel1.win32_1.0.0.202411081344/tools/bin/../lib/gcc/arm-none-eabi/13.3.1/../../../../arm-none-eabi/lib/thumb/v7e-m/nofp\libc_nano.a(libc_a-findfp.o)
                              C:/ST/STM32CubeIDE_1.18.1/STM32CubeIDE/plugins/com.st.stm32cube.ide.mcu.externaltools.gnu-tools-for-stm32.13.3.rel1.win32_1.0.0.202411081344/tools/bin/../lib/gcc/arm-none-eabi/13.3.1/../../../../arm-none-eabi/lib/thumb/v7e-m/nofp\libc_nano.a(libc_a-exit.o) (__stdio_exit_handler)
C:/ST/STM32CubeIDE_1.18.1/STM32CubeIDE/plugins/com.st.stm32cube.ide.mcu.externaltools.gnu-tools-for-stm32.13.3.rel1.win32_1.0.0.202411081344/tools/bin/../lib/gcc/arm-none-eabi/13.3.1/../../../../arm-none-eabi/lib/thumb/v7e-m/nofp\libc_nano.a(libc_a-fwalk.o)
                              C:/ST/STM32CubeIDE_1.18.1/STM32CubeIDE/plugins/com.st.stm32cube.ide.mcu.externaltools.gnu-tools-for-stm32.13.3.rel1.win32_1.0.0.202411081344/tools/bin/../lib/gcc/arm-none-eabi/13.3.1/../../../../arm-none-eabi/lib/thumb/v7e-m/nofp\libc_nano.a(libc_a-findfp.o) (_fwalk_sglue)
C:/ST/STM32CubeIDE_1.18.1/STM32CubeIDE/plugins/com.st.stm32cube.ide.mcu.externaltools.gnu-tools-for-stm32.13.3.rel1.win32_1.0.0.202411081344/tools/bin/../lib/gcc/arm-none-eabi/13.3.1/../../../../arm-none-eabi/lib/thumb/v7e-m/nofp\libc_nano.a(libc_a-stdio.o)
                              C:/ST/STM32CubeIDE_1.18.1/STM32CubeIDE/plugins/com.st.stm32cube.ide.mcu.externaltools.gnu-tools-for-stm32.13.3.rel1.win32_1.0.0.202411081344/tools/bin/../lib/gcc/arm-none-eabi/13.3.1/../../../../arm-none-eabi/lib/thumb/v7e-m/nofp\libc_nano.a(libc_a-findfp.o) (__sread)
C:/ST/STM32CubeIDE_1.18.1/STM32CubeIDE/plugins/com.st.stm32cube.ide.mcu.externaltools.gnu-tools-for-stm32.13.3.rel1.win32_1.0.0.202411081344/tools/bin/../lib/gcc/arm-none-eabi/13.3.1/../../../../arm-none-eabi/lib/thumb/v7e-m/nofp\libc_nano.a(libc_a-memset.o)
                              C:/ST/STM32CubeIDE_1.18.1/STM32CubeIDE/plugins/com.st.stm32cube.ide.mcu.externaltools.gnu-tools-for-stm32.13.3.rel1.win32_1.0.0.202411081344/tools/bin/../lib/gcc/arm-none-eabi/13.3.1/../../../../arm-none-eabi/lib/thumb/v7e-m/nofp/crt0.o (memset)
C:/ST/STM32CubeIDE_1.18.1/STM32CubeIDE/plugins/com.st.stm32cube.ide.mcu.externaltools.gnu-tools-for-stm32.13.3.rel1.win32_1.0.0.202411081344/tools/bin/../lib/gcc/arm-none-eabi/13.3.1/../../../../arm-none-eabi/lib/thumb/v7e-m/nofp\libc_nano.a(libc_a-closer.o)
                              C:/ST/STM32CubeIDE_1.18.1/STM32CubeIDE/plugins/com.st.stm32cube.ide.mcu.externaltools.gnu-tools-for-stm32.13.3.rel1.win32_1.0.0.202411081344/tools/bin/../lib/gcc/arm-none-eabi/13.3.1/../../../../arm-none-eabi/lib/thumb/v7e-m/nofp\libc_nano.a(libc_a-stdio.o) (_close_r)
C:/ST/STM32CubeIDE_1.18.1/STM32CubeIDE/plugins/com.st.stm32cube.ide.mcu.externaltools.gnu-tools-for-stm32.13.3.rel1.win32_1.0.0.202411081344/tools/bin/../lib/gcc/arm-none-eabi/13.3.1/../../../../arm-none-eabi/lib/thumb/v7e-m/nofp\libc_nano.a(libc_a-reent.o)
                              C:/ST/STM32CubeIDE_1.18.1/STM32CubeIDE/plugins/com.st.stm32cube.ide.mcu.externaltools.gnu-tools-for-stm32.13.3.rel1.win32_1.0.0.202411081344/tools/bin/../lib/gcc/arm-none-eabi/13.3.1/../../../../arm-none-eabi/lib/thumb/v7e-m/nofp\libc_nano.a(libc_a-closer.o) (errno)
C:/ST/STM32CubeIDE_1.18.1/STM32CubeIDE/plugins/com.st.stm32cube.ide.mcu.externaltools.gnu-tools-for-stm32.13.3.rel1.win32_1.0.0.202411081344/tools/bin/../lib/gcc/arm-none-eabi/13.3.1/../../../../arm-none-eabi/lib/thumb/v7e-m/nofp\libc_nano.a(libc_a-impure.o)
                              C:/ST/STM32CubeIDE_1.18.1/STM32CubeIDE/plugins/com.st.stm32cube.ide.mcu.externaltools.gnu-tools-for-stm32.13.3.rel1.win32_1.0.0.202411081344/tools/bin/../lib/gcc/arm-none-eabi/13.3.1/../../../../arm-none-eabi/lib/thumb/v7e-m/nofp\libc_nano.a(libc_a-reent.o) (_impure_ptr)
C:/ST/STM32CubeIDE_1.18.1/STM32CubeIDE/plugins/com.st.stm32cube.ide.mcu.externaltools.gnu-tools-for-stm32.13.3.rel1.win32_1.0.0.202411081344/tools/bin/../lib/gcc/arm-none-eabi/13.3.1/../../../../arm-none-eabi/lib/thumb/v7e-m/nofp\libc_nano.a(libc_a-lseekr.o)
[...]
Memory Configuration

Name             Origin             Length             Attributes
CCMRAM           0x10000000         0x00010000         xrw
RAM              0x20000000         0x00020000         xrw
FLASH            0x08000000         0x00100000         xr
*default*        0x00000000         0xffffffff

Linker script and memory map

LOAD C:/ST/STM32CubeIDE_1.18.1/STM32CubeIDE/plugins/com.st.stm32cube.ide.mcu.externaltools.gnu-tools-for-stm32.13.3.rel1.win32_1.0.0.202411081344/tools/bin/../lib/gcc/arm-none-eabi/13.3.1/thumb/v7e-m/nofp/crti.o
LOAD C:/ST/STM32CubeIDE_1.18.1/STM32CubeIDE/plugins/com.st.stm32cube.ide.mcu.externaltools.gnu-tools-for-stm32.13.3.rel1.win32_1.0.0.202411081344/tools/bin/../lib/gcc/arm-none-eabi/13.3.1/thumb/v7e-m/nofp/crtbegin.o
LOAD C:/ST/STM32CubeIDE_1.18.1/STM32CubeIDE/plugins/com.st.stm32cube.ide.mcu.externaltools.gnu-tools-for-stm32.13.3.rel1.win32_1.0.0.202411081344/tools/bin/../lib/gcc/arm-none-eabi/13.3.1/../../../../arm-none-eabi/lib/thumb/v7e-m/nofp/crt0.o
LOAD ./Src/004spi_arduino.o
LOAD ./Src/syscalls.o
LOAD ./Src/sysmem.o
LOAD ./Startup/startup_stm32f407vgtx.o
LOAD ./drivers/Src/stm32f407xx_gpio.o
LOAD ./drivers/Src/stm32f407xx_spi.o
START GROUP
LOAD C:/ST/STM32CubeIDE_1.18.1/STM32CubeIDE/plugins/com.st.stm32cube.ide.mcu.externaltools.gnu-tools-for-stm32.13.3.rel1.win32_1.0.0.202411081344/tools/bin/../lib/gcc/arm-none-eabi/13.3.1/../../../../arm-none-eabi/lib/thumb/v7e-m/nofp\libc_nano.a
LOAD C:/ST/STM32CubeIDE_1.18.1/STM32CubeIDE/plugins/com.st.stm32cube.ide.mcu.externaltools.gnu-tools-for-stm32.13.3.rel1.win32_1.0.0.202411081344/tools/bin/../lib/gcc/arm-none-eabi/13.3.1/../../../../arm-none-eabi/lib/thumb/v7e-m/nofp\libm.a
END GROUP
START GROUP
LOAD C:/ST/STM32CubeIDE_1.18.1/STM32CubeIDE/plugins/com.st.stm32cube.ide.mcu.externaltools.gnu-tools-for-stm32.13.3.rel1.win32_1.0.0.202411081344/tools/bin/../lib/gcc/arm-none-eabi/13.3.1/thumb/v7e-m/nofp\libgcc.a
LOAD C:/ST/STM32CubeIDE_1.18.1/STM32CubeIDE/plugins/com.st.stm32cube.ide.mcu.externaltools.gnu-tools-for-stm32.13.3.rel1.win32_1.0.0.202411081344/tools/bin/../lib/gcc/arm-none-eabi/13.3.1/../../../../arm-none-eabi/lib/thumb/v7e-m/nofp\libc_nano.a
END GROUP
START GROUP
LOAD C:/ST/STM32CubeIDE_1.18.1/STM32CubeIDE/plugins/com.st.stm32cube.ide.mcu.externaltools.gnu-tools-for-stm32.13.3.rel1.win32_1.0.0.202411081344/tools/bin/../lib/gcc/arm-none-eabi/13.3.1/thumb/v7e-m/nofp\libgcc.a
LOAD C:/ST/STM32CubeIDE_1.18.1/STM32CubeIDE/plugins/com.st.stm32cube.ide.mcu.externaltools.gnu-tools-for-stm32.13.3.rel1.win32_1.0.0.202411081344/tools/bin/../lib/gcc/arm-none-eabi/13.3.1/../../../../arm-none-eabi/lib/thumb/v7e-m/nofp\libc_nano.a
LOAD C:/ST/STM32CubeIDE_1.18.1/STM32CubeIDE/plugins/com.st.stm32cube.ide.mcu.externaltools.gnu-tools-for-stm32.13.3.rel1.win32_1.0.0.202411081344/tools/bin/../lib/gcc/arm-none-eabi/13.3.1/../../../../arm-none-eabi/lib/thumb/v7e-m/nofp\libnosys.a
END GROUP
START GROUP
LOAD C:/ST/STM32CubeIDE_1.18.1/STM32CubeIDE/plugins/com.st.stm32cube.ide.mcu.externaltools.gnu-tools-for-stm32.13.3.rel1.win32_1.0.0.202411081344/tools/bin/../lib/gcc/arm-none-eabi/13.3.1/thumb/v7e-m/nofp\libgcc.a
LOAD C:/ST/STM32CubeIDE_1.18.1/STM32CubeIDE/plugins/com.st.stm32cube.ide.mcu.externaltools.gnu-tools-for-stm32.13.3.rel1.win32_1.0.0.202411081344/tools/bin/../lib/gcc/arm-none-eabi/13.3.1/../../../../arm-none-eabi/lib/thumb/v7e-m/nofp\libc_nano.a
LOAD C:/ST/STM32CubeIDE_1.18.1/STM32CubeIDE/plugins/com.st.stm32cube.ide.mcu.externaltools.gnu-tools-for-stm32.13.3.rel1.win32_1.0.0.202411081344/tools/bin/../lib/gcc/arm-none-eabi/13.3.1/../../../../arm-none-eabi/lib/thumb/v7e-m/nofp\libnosys.a
END GROUP
LOAD C:/ST/STM32CubeIDE_1.18.1/STM32CubeIDE/plugins/com.st.stm32cube.ide.mcu.externaltools.gnu-tools-for-stm32.13.3.rel1.win32_1.0.0.202411081344/tools/bin/../lib/gcc/arm-none-eabi/13.3.1/thumb/v7e-m/nofp/crtend.o
LOAD C:/ST/STM32CubeIDE_1.18.1/STM32CubeIDE/plugins/com.st.stm32cube.ide.mcu.externaltools.gnu-tools-for-stm32.13.3.rel1.win32_1.0.0.202411081344/tools/bin/../lib/gcc/arm-none-eabi/13.3.1/thumb/v7e-m/nofp/crtn.o
                0x20020000                        _estack = (ORIGIN (RAM) + LENGTH (RAM))
                0x00000200                        _Min_Heap_Size = 0x200
                0x00000400                        _Min_Stack_Size = 0x400

.isr_vector     0x08000000      0x188
                0x08000000                        . = ALIGN (0x4)
 *(.isr_vector)
 .isr_vector    0x08000000      0x188 ./Startup/startup_stm32f407vgtx.o
                0x08000000                g_pfnVectors
                0x08000188                        . = ALIGN (0x4)

.text           0x08000188      0x9ec
                0x08000188                        . = ALIGN (0x4)
 *(.text)
 .text          0x08000188       0x40 C:/ST/STM32CubeIDE_1.18.1/STM32CubeIDE/plugins/com.st.stm32cube.ide.mcu.externaltools.gnu-tools-for-stm32.13.3.rel1.win32_1.0.0.202411081344/tools/bin/../lib/gcc/arm-none-eabi/13.3.1/thumb/v7e-m/nofp/crtbegin.o
 .text          0x080001c8       0x10 C:/ST/STM32CubeIDE_1.18.1/STM32CubeIDE/plugins/com.st.stm32cube.ide.mcu.externaltools.gnu-tools-for-stm32.13.3.rel1.win32_1.0.0.202411081344/tools/bin/../lib/gcc/arm-none-eabi/13.3.1/../../../../arm-none-eabi/lib/thumb/v7e-m/nofp\libc_nano.a(libc_a-strlen.o)
                0x080001c8                strlen
 *(.text*)
 .text.SPI2_GPIOInit
                0x080001d8       0x50 ./Src/004spi_arduino.o
                0x080001d8                SPI2_GPIOInit
 .text.SPI2_Init
                0x08000228       0x3c ./Src/004spi_arduino.o
                0x08000228                SPI2_Init
 .text.GPIO_ButtonInit
                0x08000264       0x30 ./Src/004spi_arduino.o
                0x08000264                GPIO_ButtonInit
 .text.delay    0x08000294       0x2c ./Src/004spi_arduino.o
                0x08000294                delay
 .text.main     0x080002c0       0x6c ./Src/004spi_arduino.o
                0x080002c0                main
 .text.Reset_Handler
                0x0800032c       0x50 ./Startup/startup_stm32f407vgtx.o
                0x0800032c                Reset_Handler
 .text.Default_Handler
                0x0800037c        0x2 ./Startup/startup_stm32f407vgtx.o
                0x0800037c                RTC_Alarm_IRQHandler
                0x0800037c                HASH_RNG_IRQHandler
                0x0800037c                EXTI2_IRQHandler
                0x0800037c                TIM8_CC_IRQHandler
                0x0800037c                DebugMon_Handler
                0x0800037c                TIM1_CC_IRQHandler
                0x0800037c                DMA2_Stream5_IRQHandler
                0x0800037c                HardFault_Handler
                0x0800037c                DMA1_Stream5_IRQHandler
                0x0800037c                SysTick_Handler
                0x0800037c                PVD_IRQHandler
                0x0800037c                SDIO_IRQHandler
                0x0800037c                TAMP_STAMP_IRQHandler
                0x0800037c                PendSV_Handler
                0x0800037c                NMI_Handler
                0x0800037c                CAN2_RX1_IRQHandler
                0x0800037c                EXTI3_IRQHandler
                0x0800037c                TIM8_TRG_COM_TIM14_IRQHandler
                0x0800037c                TIM1_UP_TIM10_IRQHandler
                0x0800037c                TIM8_UP_TIM13_IRQHandler
                0x0800037c                I2C3_ER_IRQHandler
                0x0800037c                EXTI0_IRQHandler
                0x0800037c                I2C2_EV_IRQHandler
                0x0800037c                DMA1_Stream2_IRQHandler
                0x0800037c                CAN1_RX0_IRQHandler
                0x0800037c                FPU_IRQHandler
                0x0800037c                OTG_HS_WKUP_IRQHandler
                0x0800037c                UsageFault_Handler
                0x0800037c                CAN2_SCE_IRQHandler
                0x0800037c                DMA2_Stream2_IRQHandler
                0x0800037c                SPI1_IRQHandler
                0x0800037c                TIM6_DAC_IRQHandler
                0x0800037c                TIM1_BRK_TIM9_IRQHandler
                0x0800037c                DCMI_IRQHandler
                0x0800037c                CAN2_RX0_IRQHandler
                0x0800037c                DMA2_Stream3_IRQHandler
                0x0800037c                USART6_IRQHandler
                0x0800037c                USART3_IRQHandler
                0x0800037c                CRYP_IRQHandler
                0x0800037c                CAN1_RX1_IRQHandler
                0x0800037c                UART5_IRQHandler
                0x0800037c                DMA2_Stream0_IRQHandler
                0x0800037c                TIM4_IRQHandler
                0x0800037c                I2C1_EV_IRQHandler
                0x0800037c                DMA1_Stream6_IRQHandler
                0x0800037c                DMA1_Stream1_IRQHandler
                0x0800037c                UART4_IRQHandler
                0x0800037c                TIM3_IRQHandler
                0x0800037c                RCC_IRQHandler
                0x0800037c                TIM8_BRK_TIM12_IRQHandler
                0x0800037c                Default_Handler
                0x0800037c                EXTI15_10_IRQHandler
                0x0800037c                ADC_IRQHandler
                0x0800037c                DMA1_Stream7_IRQHandler
                0x0800037c                TIM7_IRQHandler
                0x0800037c                CAN2_TX_IRQHandler
                0x0800037c                TIM5_IRQHandler
                0x0800037c                DMA2_Stream7_IRQHandler
                0x0800037c                I2C3_EV_IRQHandler
                0x0800037c                EXTI9_5_IRQHandler
                0x0800037c                RTC_WKUP_IRQHandler
                0x0800037c                ETH_WKUP_IRQHandler
                0x0800037c                SPI2_IRQHandler
                0x0800037c                OTG_HS_EP1_IN_IRQHandler
                0x0800037c                MemManage_Handler
                0x0800037c                DMA1_Stream0_IRQHandler
                0x0800037c                CAN1_TX_IRQHandler
                0x0800037c                SVC_Handler
                0x0800037c                EXTI4_IRQHandler
                0x0800037c                FSMC_IRQHandler
                0x0800037c                ETH_IRQHandler
                0x0800037c                OTG_HS_EP1_OUT_IRQHandler
                0x0800037c                WWDG_IRQHandler
                0x0800037c                TIM2_IRQHandler
                0x0800037c                OTG_FS_WKUP_IRQHandler
                0x0800037c                TIM1_TRG_COM_TIM11_IRQHandler
                0x0800037c                OTG_HS_IRQHandler
                0x0800037c                EXTI1_IRQHandler
                0x0800037c                USART2_IRQHandler
                0x0800037c                I2C2_ER_IRQHandler
                0x0800037c                DMA2_Stream1_IRQHandler
                0x0800037c                CAN1_SCE_IRQHandler
                0x0800037c                DMA2_Stream4_IRQHandler
                0x0800037c                BusFault_Handler
                0x0800037c                USART1_IRQHandler
                0x0800037c                OTG_FS_IRQHandler
                0x0800037c                SPI3_IRQHandler
                0x0800037c                DMA1_Stream4_IRQHandler
                0x0800037c                I2C1_ER_IRQHandler
                0x0800037c                DMA2_Stream6_IRQHandler
                0x0800037c                DMA1_Stream3_IRQHandler
 *fill*         0x0800037e        0x2 
 .text.GPIO_Init
                0x08000380      0x33c ./drivers/Src/stm32f407xx_gpio.o
                0x08000380                GPIO_Init
 .text.GPIO_PeriClockControl
                0x080006bc      0x1d0 ./drivers/Src/stm32f407xx_gpio.o
                0x080006bc                GPIO_PeriClockControl
 .text.GPIO_ReadFromInputPin
                0x0800088c       0x2a ./drivers/Src/stm32f407xx_gpio.o
                0x0800088c                GPIO_ReadFromInputPin
 *fill*         0x080008b6        0x2 
 .text.SPI_PeriClockControl
                0x080008b8       0xb0 ./drivers/Src/stm32f407xx_spi.o
                0x080008b8                SPI_PeriClockControl
 .text.SPI_Init
                0x08000968       0xa0 ./drivers/Src/stm32f407xx_spi.o
                0x08000968                SPI_Init
 .text.SPI_GetFlagStatus
                0x08000a08       0x26 ./drivers/Src/stm32f407xx_spi.o
                0x08000a08                SPI_GetFlagStatus
 .text.SPI_SendData
                0x08000a2e       0x7a ./drivers/Src/stm32f407xx_spi.o
                0x08000a2e                SPI_SendData
 .text.SPI_PeripheralControl
                0x08000aa8       0x36 ./drivers/Src/stm32f407xx_spi.o
                0x08000aa8                SPI_PeripheralControl
 .text.SPI_SSOEConfig
                0x08000ade       0x36 ./drivers/Src/stm32f407xx_spi.o
                0x08000ade                SPI_SSOEConfig
 .text.__libc_init_array
                0x08000b14       0x48 C:/ST/STM32CubeIDE_1.18.1/STM32CubeIDE/plugins/com.st.stm32cube.ide.mcu.externaltools.gnu-tools-for-stm32.13.3.rel1.win32_1.0.0.202411081344/tools/bin/../lib/gcc/arm-none-eabi/13.3.1/../../../../arm-none-eabi/lib/thumb/v7e-m/nofp\libc_nano.a(libc_a-init.o)
                0x08000b14                __libc_init_array
 *(.glue_7)
 .glue_7        0x08000b5c        0x0 linker stubs
 *(.glue_7t)
 .glue_7t       0x08000b5c        0x0 linker stubs
 *(.eh_frame)
 .eh_frame      0x08000b5c        0x0 C:/ST/STM32CubeIDE_1.18.1/STM32CubeIDE/plugins/com.st.stm32cube.ide.mcu.externaltools.gnu-tools-for-stm32.13.3.rel1.win32_1.0.0.202411081344/tools/bin/../lib/gcc/arm-none-eabi/13.3.1/thumb/v7e-m/nofp/crtbegin.o
 *(.init)
 .init          0x08000b5c        0x4 C:/ST/STM32CubeIDE_1.18.1/STM32CubeIDE/plugins/com.st.stm32cube.ide.mcu.externaltools.gnu-tools-for-stm32.13.3.rel1.win32_1.0.0.202411081344/tools/bin/../lib/gcc/arm-none-eabi/13.3.1/thumb/v7e-m/nofp/crti.o
                0x08000b5c                _init
 .init          0x08000b60        0x8 C:/ST/STM32CubeIDE_1.18.1/STM32CubeIDE/plugins/com.st.stm32cube.ide.mcu.externaltools.gnu-tools-for-stm32.13.3.rel1.win32_1.0.0.202411081344/tools/bin/../lib/gcc/arm-none-eabi/13.3.1/thumb/v7e-m/nofp/crtn.o
 *(.fini)
 .fini          0x08000b68        0x4 C:/ST/STM32CubeIDE_1.18.1/STM32CubeIDE/plugins/com.st.stm32cube.ide.mcu.externaltools.gnu-tools-for-stm32.13.3.rel1.win32_1.0.0.202411081344/tools/bin/../lib/gcc/arm-none-eabi/13.3.1/thumb/v7e-m/nofp/crti.o
                0x08000b68                _fini
 .fini          0x08000b6c        0x8 C:/ST/STM32CubeIDE_1.18.1/STM32CubeIDE/plugins/com.st.stm32cube.ide.mcu.externaltools.gnu-tools-for-stm32.13.3.rel1.win32_1.0.0.202411081344/tools/bin/../lib/gcc/arm-none-eabi/13.3.1/thumb/v7e-m/nofp/crtn.o
                0x08000b74                        . = ALIGN (0x4)
                0x08000b74                        _etext = .

.vfp11_veneer   0x08000b74        0x0
 .vfp11_veneer  0x08000b74        0x0 linker stubs

.v4_bx          0x08000b74        0x0
 .v4_bx         0x08000b74        0x0 linker stubs

.iplt           0x08000b74        0x0
 .iplt          0x08000b74        0x0 C:/ST/STM32CubeIDE_1.18.1/STM32CubeIDE/plugins/com.st.stm32cube.ide.mcu.externaltools.gnu-tools-for-stm32.13.3.rel1.win32_1.0.0.202411081344/tools/bin/../lib/gcc/arm-none-eabi/13.3.1/thumb/v7e-m/nofp/crtbegin.o

.rodata         0x08000b74        0xc
                0x08000b74                        . = ALIGN (0x4)
 *(.rodata)
 .rodata        0x08000b74        0xc ./Src/004spi_arduino.o
 *(.rodata*)
                0x08000b80                        . = ALIGN (0x4)

.ARM.extab      0x08000b80        0x0
                0x08000b80                        . = ALIGN (0x4)
 *(.ARM.extab* .gnu.linkonce.armextab.*)
                0x08000b80                        . = ALIGN (0x4)

.ARM            0x08000b80        0x8
                0x08000b80                        . = ALIGN (0x4)
                0x08000b80                        __exidx_start = .
 *(.ARM.exidx*)
 .ARM.exidx     0x08000b80        0x8 C:/ST/STM32CubeIDE_1.18.1/STM32CubeIDE/plugins/com.st.stm32cube.ide.mcu.externaltools.gnu-tools-for-stm32.13.3.rel1.win32_1.0.0.202411081344/tools/bin/../lib/gcc/arm-none-eabi/13.3.1/../../../../arm-none-eabi/lib/thumb/v7e-m/nofp\libc_nano.a(libc_a-strlen.o)
                0x08000b88                        __exidx_end = .
                0x08000b88                        . = ALIGN (0x4)

.preinit_array  0x08000b88        0x0
                0x08000b88                        . = ALIGN (0x4)
                0x08000b88                        PROVIDE (__preinit_array_start = .)
 *(.preinit_array*)
                0x08000b88                        PROVIDE (__preinit_array_end = .)
                0x08000b88                        . = ALIGN (0x4)

.init_array     0x08000b88        0x4
                0x08000b88                        . = ALIGN (0x4)
                0x08000b88                        PROVIDE (__init_array_start = .)
 *(SORT_BY_NAME(.init_array.*))
 *(.init_array*)
 .init_array    0x08000b88        0x4 C:/ST/STM32CubeIDE_1.18.1/STM32CubeIDE/plugins/com.st.stm32cube.ide.mcu.externaltools.gnu-tools-for-stm32.13.3.rel1.win32_1.0.0.202411081344/tools/bin/../lib/gcc/arm-none-eabi/13.3.1/thumb/v7e-m/nofp/crtbegin.o
                0x08000b8c                        PROVIDE (__init_array_end = .)
                0x08000b8c                        . = ALIGN (0x4)

.fini_array     0x08000b8c        0x4
                0x08000b8c                        . = ALIGN (0x4)
                [!provide]                        PROVIDE (__fini_array_start = .)
 *(SORT_BY_NAME(.fini_array.*))
 *(.fini_array*)
 .fini_array    0x08000b8c        0x4 C:/ST/STM32CubeIDE_1.18.1/STM32CubeIDE/plugins/com.st.stm32cube.ide.mcu.externaltools.gnu-tools-for-stm32.13.3.rel1.win32_1.0.0.202411081344/tools/bin/../lib/gcc/arm-none-eabi/13.3.1/thumb/v7e-m/nofp/crtbegin.o
                [!provide]                        PROVIDE (__fini_array_end = .)
                0x08000b90                        . = ALIGN (0x4)
                0x08000b90                        _sidata = LOADADDR (.data)

.rel.dyn        0x08000b90        0x0
 .rel.iplt      0x08000b90        0x0 C:/ST/STM32CubeIDE_1.18.1/STM32CubeIDE/plugins/com.st.stm32cube.ide.mcu.externaltools.gnu-tools-for-stm32.13.3.rel1.win32_1.0.0.202411081344/tools/bin/../lib/gcc/arm-none-eabi/13.3.1/thumb/v7e-m/nofp/crtbegin.o

.data           0x20000000        0x0 load address 0x08000b90
                0x20000000                        . = ALIGN (0x4)
                0x20000000                        _sdata = .
 *(.data)
 *(.data*)
 *(.RamFunc)
 *(.RamFunc*)
                0x20000000                        . = ALIGN (0x4)
                0x20000000                        _edata = .
                0x08000b90                        _siccmram = LOADADDR (.ccmram)

.igot.plt       0x20000000        0x0 load address 0x08000b90
 .igot.plt      0x20000000        0x0 C:/ST/STM32CubeIDE_1.18.1/STM32CubeIDE/plugins/com.st.stm32cube.ide.mcu.externaltools.gnu-tools-for-stm32.13.3.rel1.win32_1.0.0.202411081344/tools/bin/../lib/gcc/arm-none-eabi/13.3.1/thumb/v7e-m/nofp/crtbegin.o

.ccmram         0x10000000        0x0 load address 0x08000b90
                0x10000000                        . = ALIGN (0x4)
                0x10000000                        _sccmram = .
 *(.ccmram)
 *(.ccmram*)
                0x10000000                        . = ALIGN (0x4)
                0x10000000                        _eccmram = .
                0x10000000                        . = ALIGN (0x4)

.bss            0x20000000       0x1c
                0x20000000                        _sbss = .
                0x20000000                        __bss_start__ = _sbss
 *(.bss)
 .bss           0x20000000       0x1c C:/ST/STM32CubeIDE_1.18.1/STM32CubeIDE/plugins/com.st.stm32cube.ide.mcu.externaltools.gnu-tools-for-stm32.13.3.rel1.win32_1.0.0.202411081344/tools/bin/../lib/gcc/arm-none-eabi/13.3.1/thumb/v7e-m/nofp/crtbegin.o
 *(.bss*)
 *(COMMON)
                0x2000001c                        . = ALIGN (0x4)
                0x2000001c                        _ebss = .
                0x2000001c                        __bss_end__ = _ebss

._user_heap_stack
                0x2000001c      0x604
                0x20000020                        . = ALIGN (0x8)
 *fill*         0x2000001c        0x4 
                [!provide]                        PROVIDE (end = .)
                0x20000020                        PROVIDE (_end = .)
                0x20000220                        . = (. + _Min_Heap_Size)
 *fill*         0x20000020      0x200 
                0x20000620                        . = (. + _Min_Stack_Size)
 *fill*         0x20000220      0x400 
                0x20000620                        . = ALIGN (0x8)

/DISCARD/
 libc.a(*)
 libm.a(*)
 libgcc.a(*)

.ARM.attributes
                0x00000000       0x2a
 *(.ARM.attributes)
 .ARM.attributes
                0x00000000       0x1e C:/ST/STM32CubeIDE_1.18.1/STM32CubeIDE/plugins/com.st.stm32cube.ide.mcu.externaltools.gnu-tools-for-stm32.13.3.rel1.win32_1.0.0.202411081344/tools/bin/../lib/gcc/arm-none-eabi/13.3.1/thumb/v7e-m/nofp/crti.o
 .ARM.attributes
                0x0000001e       0x2e C:/ST/STM32CubeIDE_1.18.1/STM32CubeIDE/plugins/com.st.stm32cube.ide.mcu.externaltools.gnu-tools-for-stm32.13.3.rel1.win32_1.0.0.202411081344/tools/bin/../lib/gcc/arm-none-eabi/13.3.1/thumb/v7e-m/nofp/crtbegin.o
 .ARM.attributes
                0x0000004c       0x2e ./Src/004spi_arduino.o
 .ARM.attributes
                0x0000007a       0x21 ./Startup/startup_stm32f407vgtx.o
 .ARM.attributes
                0x0000009b       0x2e ./drivers/Src/stm32f407xx_gpio.o
 .ARM.attributes
                0x000000c9       0x2e ./drivers/Src/stm32f407xx_spi.o
 .ARM.attributes
                0x000000f7       0x2e C:/ST/STM32CubeIDE_1.18.1/STM32CubeIDE/plugins/com.st.stm32cube.ide.mcu.externaltools.gnu-tools-for-stm32.13.3.rel1.win32_1.0.0.202411081344/tools/bin/../lib/gcc/arm-none-eabi/13.3.1/../../../../arm-none-eabi/lib/thumb/v7e-m/nofp\libc_nano.a(libc_a-init.o)
 .ARM.attributes
                0x00000125       0x17 C:/ST/STM32CubeIDE_1.18.1/STM32CubeIDE/plugins/com.st.stm32cube.ide.mcu.externaltools.gnu-tools-for-stm32.13.3.rel1.win32_1.0.0.202411081344/tools/bin/../lib/gcc/arm-none-eabi/13.3.1/../../../../arm-none-eabi/lib/thumb/v7e-m/nofp\libc_nano.a(libc_a-strlen.o)
 .ARM.attributes
                0x0000013c       0x1e C:/ST/STM32CubeIDE_1.18.1/STM32CubeIDE/plugins/com.st.stm32cube.ide.mcu.externaltools.gnu-tools-for-stm32.13.3.rel1.win32_1.0.0.202411081344/tools/bin/../lib/gcc/arm-none-eabi/13.3.1/thumb/v7e-m/nofp/crtn.o
OUTPUT(stm32f4xx_drivers3.elf elf32-littlearm)
LOAD linker stubs
LOAD C:/ST/STM32CubeIDE_1.18.1/STM32CubeIDE/plugins/com.st.stm32cube.ide.mcu.externaltools.gnu-tools-for-stm32.13.3.rel1.win32_1.0.0.202411081344/tools/bin/../lib/gcc/arm-none-eabi/13.3.1/../../../../arm-none-eabi/lib/thumb/v7e-m/nofp\libc.a
LOAD C:/ST/STM32CubeIDE_1.18.1/STM32CubeIDE/plugins/com.st.stm32cube.ide.mcu.externaltools.gnu-tools-for-stm32.13.3.rel1.win32_1.0.0.202411081344/tools/bin/../lib/gcc/arm-none-eabi/13.3.1/../../../../arm-none-eabi/lib/thumb/v7e-m/nofp\libm.a
LOAD C:/ST/STM32CubeIDE_1.18.1/STM32CubeIDE/plugins/com.st.stm32cube.ide.mcu.externaltools.gnu-tools-for-stm32.13.3.rel1.win32_1.0.0.202411081344/tools/bin/../lib/gcc/arm-none-eabi/13.3.1/thumb/v7e-m/nofp\libgcc.a

.debug_info     0x00000000     0x1125
 .debug_info    0x00000000      0x493 ./Src/004spi_arduino.o
 .debug_info    0x00000493       0x30 ./Startup/startup_stm32f407vgtx.o
 .debug_info    0x000004c3      0x72a ./drivers/Src/stm32f407xx_gpio.o
 .debug_info    0x00000bed      0x538 ./drivers/Src/stm32f407xx_spi.o

.debug_abbrev   0x00000000      0x436
 .debug_abbrev  0x00000000      0x168 ./Src/004spi_arduino.o
 .debug_abbrev  0x00000168       0x24 ./Startup/startup_stm32f407vgtx.o
 .debug_abbrev  0x0000018c      0x174 ./drivers/Src/stm32f407xx_gpio.o
 .debug_abbrev  0x00000300      0x136 ./drivers/Src/stm32f407xx_spi.o

.debug_aranges  0x00000000      0x130
 .debug_aranges
                0x00000000       0x40 ./Src/004spi_arduino.o
 .debug_aranges
                0x00000040       0x28 ./Startup/startup_stm32f407vgtx.o
 .debug_aranges
                0x00000068       0x70 ./drivers/Src/stm32f407xx_gpio.o
 .debug_aranges
                0x000000d8       0x58 ./drivers/Src/stm32f407xx_spi.o

.debug_rnglists
                0x00000000       0xd7
 .debug_rnglists
                0x00000000       0x2b ./Src/004spi_arduino.o
 .debug_rnglists
                0x0000002b       0x19 ./Startup/startup_stm32f407vgtx.o
 .debug_rnglists
                0x00000044       0x53 ./drivers/Src/stm32f407xx_gpio.o
 .debug_rnglists
                0x00000097       0x40 ./drivers/Src/stm32f407xx_spi.o

.debug_macro    0x00000000     0x215e
 .debug_macro   0x00000000      0x161 ./Src/004spi_arduino.o
 .debug_macro   0x00000161      0xad8 ./Src/004spi_arduino.o
 .debug_macro   0x00000c39       0x22 ./Src/004spi_arduino.o
 .debug_macro   0x00000c5b       0x8e ./Src/004spi_arduino.o
 .debug_macro   0x00000ce9       0x51 ./Src/004spi_arduino.o
 .debug_macro   0x00000d3a      0x103 ./Src/004spi_arduino.o
 .debug_macro   0x00000e3d       0x6a ./Src/004spi_arduino.o
 .debug_macro   0x00000ea7      0x1df ./Src/004spi_arduino.o
 .debug_macro   0x00001086      0x451 ./Src/004spi_arduino.o
 .debug_macro   0x000014d7       0xc4 ./Src/004spi_arduino.o
 .debug_macro   0x0000159b       0x9a ./Src/004spi_arduino.o
 .debug_macro   0x00001635       0x61 ./Src/004spi_arduino.o
 .debug_macro   0x00001696       0x24 ./Src/004spi_arduino.o
 .debug_macro   0x000016ba       0x43 ./Src/004spi_arduino.o
 .debug_macro   0x000016fd       0x34 ./Src/004spi_arduino.o
 .debug_macro   0x00001731      0x190 ./Src/004spi_arduino.o
 .debug_macro   0x000018c1      0x370 ./Src/004spi_arduino.o
 .debug_macro   0x00001c31       0x16 ./Src/004spi_arduino.o
 .debug_macro   0x00001c47       0x4a ./Src/004spi_arduino.o
 .debug_macro   0x00001c91       0x34 ./Src/004spi_arduino.o
 .debug_macro   0x00001cc5       0x10 ./Src/004spi_arduino.o
 .debug_macro   0x00001cd5       0x58 ./Src/004spi_arduino.o
 .debug_macro   0x00001d2d       0x8e ./Src/004spi_arduino.o
 .debug_macro   0x00001dbb       0x1c ./Src/004spi_arduino.o
 .debug_macro   0x00001dd7      0x185 ./Src/004spi_arduino.o
 .debug_macro   0x00001f5c       0x10 ./Src/004spi_arduino.o
 .debug_macro   0x00001f6c       0x3c ./Src/004spi_arduino.o
 .debug_macro   0x00001fa8       0x20 ./Src/004spi_arduino.o
 .debug_macro   0x00001fc8       0x81 ./drivers/Src/stm32f407xx_gpio.o
 .debug_macro   0x00002049       0x81 ./drivers/Src/stm32f407xx_spi.o
 .debug_macro   0x000020ca       0x94 ./drivers/Src/stm32f407xx_spi.o

.debug_line     0x00000000     0x1794
 .debug_line    0x00000000      0x6d1 ./Src/004spi_arduino.o
 .debug_line    0x000006d1       0x7b ./Startup/startup_stm32f407vgtx.o
 .debug_line    0x0000074c      0x9fd ./drivers/Src/stm32f407xx_gpio.o
 .debug_line    0x00001149      0x64b ./drivers/Src/stm32f407xx_spi.o

.debug_str      0x00000000     0x932f
 .debug_str     0x00000000     0x932f ./Src/004spi_arduino.o
                               0x91d0 (size before relaxing)
 .debug_str     0x0000932f       0x73 ./Startup/startup_stm32f407vgtx.o
 .debug_str     0x0000932f     0x5bb5 ./drivers/Src/stm32f407xx_gpio.o
 .debug_str     0x0000932f     0x5a82 ./drivers/Src/stm32f407xx_spi.o

.comment        0x00000000       0x43
 .comment       0x00000000       0x43 ./Src/004spi_arduino.o
                                 0x44 (size before relaxing)
 .comment       0x00000043       0x44 ./drivers/Src/stm32f407xx_gpio.o
 .comment       0x00000043       0x44 ./drivers/Src/stm32f407xx_spi.o

.debug_frame    0x00000000      0x400
 .debug_frame   0x00000000       0xc4 ./Src/004spi_arduino.o
 .debug_frame   0x000000c4      0x1c8 ./drivers/Src/stm32f407xx_gpio.o
 .debug_frame   0x0000028c      0x148 ./drivers/Src/stm32f407xx_spi.o
 .debug_frame   0x000003d4       0x2c C:/ST/STM32CubeIDE_1.18.1/STM32CubeIDE/plugins/com.st.stm32cube.ide.mcu.externaltools.gnu-tools-for-stm32.13.3.rel1.win32_1.0.0.202411081344/tools/bin/../lib/gcc/arm-none-eabi/13.3.1/../../../../arm-none-eabi/lib/thumb/v7e-m/nofp\libc_nano.a(libc_a-init.o)

.debug_line_str
                0x00000000       0x57
 .debug_line_str
                0x00000000       0x57 ./Startup/startup_stm32f407vgtx.o
