Archive member included to satisfy reference by file (symbol)

C:/ST/STM32CubeIDE_1.18.1/STM32CubeIDE/plugins/com.st.stm32cube.ide.mcu.externaltools.gnu-tools-for-stm32.13.3.rel1.win32_1.0.0.202411081344/tools/bin/../lib/gcc/arm-none-eabi/13.3.1/../../../../arm-none-eabi/lib/thumb/v7e-m/nofp\libc_nano.a(libc_a-exit.o)
                              C:/ST/STM32CubeIDE_1.18.1/STM32CubeIDE/plugins/com.st.stm32cube.ide.mcu.externaltools.gnu-tools-for-stm32.13.3.rel1.win32_1.0.0.202411081344/tools/bin/../lib/gcc/arm-none-eabi/13.3.1/../../../../arm-none-eabi/lib/thumb/v7e-m/nofp/crt0.o (exit)
C:/ST/STM32CubeIDE_1.18.1/STM32CubeIDE/plugins/com.st.stm32cube.ide.mcu.externaltools.gnu-tools-for-stm32.13.3.rel1.win32_1.0.0.202411081344/tools/bin/../lib/gcc/arm-none-eabi/13.3.1/../../../../arm-none-eabi/lib/thumb/v7e-m/nofp\libc_nano.a(libc_a-findfp.o)
                              C:/ST/STM32CubeIDE_1.18.1/STM32CubeIDE/plugins/com.st.stm32cube.ide.mcu.externaltools.gnu-tools-for-stm32.13.3.rel1.win32_1.0.0.202411081344/tools/bin/../lib/gcc/arm-none-eabi/13.3.1/../../../../arm-none-eabi/lib/thumb/v7e-m/nofp\libc_nano.a(libc_a-exit.o) (__stdio_exit_handler)
C:/ST/STM32CubeIDE_1.18.1/STM32CubeIDE/plugins/com.st.stm32cube.ide.mcu.externaltools.gnu-tools-for-stm32.13.3.rel1.win32_1.0.0.202411081344/tools/bin/../lib/gcc/arm-none-eabi/13.3.1/../../../../arm-none-eabi/lib/thumb/v7e-m/nofp\libc_nano.a(libc_a-fwalk.o)
                              C:/ST/STM32CubeIDE_1.18.1/STM32CubeIDE/plugins/com.st.stm32cube.ide.mcu.externaltools.gnu-tools-for-stm32.13.3.rel1.win32_1.0.0.202411081344/tools/bin/../lib/gcc/arm-none-eabi/13.3.1/../../../../arm-none-eabi/lib/thumb/v7e-m/nofp\libc_nano.a(libc_a-findfp.o) (_fwalk_sglue)
C:/ST/STM32CubeIDE_1.18.1/STM32CubeIDE/plugins/com.st.stm32cube.ide.mcu.externaltools.gnu-tools-for-stm32.13.3.rel1.win32_1.0.0.202411081344/tools/bin/../lib/gcc/arm-none-eabi/13.3.1/../../../../arm-none-eabi/lib/thumb/v7e-m/nofp\libc_nano.a(libc_a-stdio.o)
                              C:/ST/STM32CubeIDE_1.18.1/STM32CubeIDE/plugins/com.st.stm32cube.ide.mcu.externaltools.gnu-tools-for-stm32.13.3.rel1.win32_1.0.0.202411081344/tools/bin/../lib/gcc/arm-none-eabi/13.3.1/../../../../arm-none-eabi/lib/thumb/v7e-m/nofp\libc_nano.a(libc_a-findfp.o) (__sread)
C:/ST/STM32CubeIDE_1.18.1/STM32CubeIDE/plugins/com.st.stm32cube.ide.mcu.externaltools.gnu-tools-for-stm32.13.3.rel1.win32_1.0.0.202411081344/tools/bin/../lib/gcc/arm-none-eabi/13.3.1/../../../../arm-none-eabi/lib/thumb/v7e-m/nofp\libc_nano.a(libc_a-memset.o)
                              C:/ST/STM32CubeIDE_1.18.1/STM32CubeIDE/plugins/com.st.stm32cube.ide.mcu.externaltools.gnu-tools-for-stm32.13.3.rel1.win32_1.0.0.202411081344/tools/bin/../lib/gcc/arm-none-eabi/13.3.1/../../../../arm-none-eabi/lib/thumb/v7e-m/nofp/crt0.o (memset)
C:/ST/STM32CubeIDE_1.18.1/STM32CubeIDE/plugins/com.st.stm32cube.ide.mcu.externaltools.gnu-tools-for-stm32.13.3.rel1.win32_1.0.0.202411081344/tools/bin/../lib/gcc/arm-none-eabi/13.3.1/../../../../arm-none-eabi/lib/thumb/v7e-m/nofp\libc_nano.a(libc_a-closer.o)
                              C:/ST/STM32CubeIDE_1.18.1/STM32CubeIDE/plugins/com.st.stm32cube.ide.mcu.externaltools.gnu-tools-for-stm32.13.3.rel1.win32_1.0.0.202411081344/tools/bin/../lib/gcc/arm-none-eabi/13.3.1/../../../../arm-none-eabi/lib/thumb/v7e-m/nofp\libc_nano.a(libc_a-stdio.o) (_close_r)
C:/ST/STM32CubeIDE_1.18.1/STM32CubeIDE/plugins/com.st.stm32cube.ide.mcu.externaltools.gnu-tools-for-stm32.13.3.rel1.win32_1.0.0.202411081344/tools/bin/../lib/gcc/arm-none-eabi/13.3.1/../../../../arm-none-eabi/lib/thumb/v7e-m/nofp\libc_nano.a(libc_a-reent.o)
                              C:/ST/STM32CubeIDE_1.18.1/STM32CubeIDE/plugins/com.st.stm32cube.ide.mcu.externaltools.gnu-tools-for-stm32.13.3.rel1.win32_1.0.0.202411081344/tools/bin/../lib/gcc/arm-none-eabi/13.3.1/../../../../arm-none-eabi/lib/thumb/v7e-m/nofp\libc_nano.a(libc_a-closer.o) (errno)
C:/ST/STM32CubeIDE_1.18.1/STM32CubeIDE/plugins/com.st.stm32cube.ide.mcu.externaltools.gnu-tools-for-stm32.13.3.rel1.win32_1.0.0.202411081344/tools/bin/../lib/gcc/arm-none-eabi/13.3.1/../../../../arm-none-eabi/lib/thumb/v7e-m/nofp\libc_nano.a(libc_a-impure.o)
                              C:/ST/STM32CubeIDE_1.18.1/STM32CubeIDE/plugins/com.st.stm32cube.ide.mcu.externaltools.gnu-tools-for-stm32.13.3.rel1.win32_1.0.0.202411081344/tools/bin/../lib/gcc/arm-none-eabi/13.3.1/../../../../arm-none-eabi/lib/thumb/v7e-m/nofp\libc_nano.a(libc_a-reent.o) (_impure_ptr)
C:/ST/STM32CubeIDE_1.18.1/STM32CubeIDE/plugins/com.st.stm32cube.ide.mcu.externaltools.gnu-tools-for-stm32.13.3.rel1.win32_1.0.0.202411081344/tools/bin/../lib/gcc/arm-none-eabi/13.3.1/../../../../arm-none-eabi/lib/thumb/v7e-m/nofp\libc_nano.a(libc_a-lseekr.o)
[...]
Memory Configuration

Name             Origin             Length             Attributes
CCMRAM           0x10000000         0x00010000         xrw
RAM              0x20000000         0x00020000         xrw
FLASH            0x08000000         0x00100000         xr
*default*        0x00000000         0xffffffff

Linker script and memory map

LOAD C:/ST/STM32CubeIDE_1.18.1/STM32CubeIDE/plugins/com.st.stm32cube.ide.mcu.externaltools.gnu-tools-for-stm32.13.3.rel1.win32_1.0.0.202411081344/tools/bin/../lib/gcc/arm-none-eabi/13.3.1/thumb/v7e-m/nofp/crti.o
LOAD C:/ST/STM32CubeIDE_1.18.1/STM32CubeIDE/plugins/com.st.stm32cube.ide.mcu.externaltools.gnu-tools-for-stm32.13.3.rel1.win32_1.0.0.202411081344/tools/bin/../lib/gcc/arm-none-eabi/13.3.1/thumb/v7e-m/nofp/crtbegin.o
LOAD C:/ST/STM32CubeIDE_1.18.1/STM32CubeIDE/plugins/com.st.stm32cube.ide.mcu.externaltools.gnu-tools-for-stm32.13.3.rel1.win32_1.0.0.202411081344/tools/bin/../lib/gcc/arm-none-eabi/13.3.1/../../../../arm-none-eabi/lib/thumb/v7e-m/nofp/crt0.o
LOAD ./Src/005spi_arduino_led.o
LOAD ./Src/syscalls.o
LOAD ./Src/sysmem.o
LOAD ./Startup/startup_stm32f407vgtx.o
LOAD ./drivers/Src/stm32f407xx_gpio.o
LOAD ./drivers/Src/stm32f407xx_spi.o
START GROUP
LOAD C:/ST/STM32CubeIDE_1.18.1/STM32CubeIDE/plugins/com.st.stm32cube.ide.mcu.externaltools.gnu-tools-for-stm32.13.3.rel1.win32_1.0.0.202411081344/tools/bin/../lib/gcc/arm-none-eabi/13.3.1/../../../../arm-none-eabi/lib/thumb/v7e-m/nofp\libc_nano.a
LOAD C:/ST/STM32CubeIDE_1.18.1/STM32CubeIDE/plugins/com.st.stm32cube.ide.mcu.externaltools.gnu-tools-for-stm32.13.3.rel1.win32_1.0.0.202411081344/tools/bin/../lib/gcc/arm-none-eabi/13.3.1/../../../../arm-none-eabi/lib/thumb/v7e-m/nofp\libm.a
END GROUP
START GROUP
LOAD C:/ST/STM32CubeIDE_1.18.1/STM32CubeIDE/plugins/com.st.stm32cube.ide.mcu.externaltools.gnu-tools-for-stm32.13.3.rel1.win32_1.0.0.202411081344/tools/bin/../lib/gcc/arm-none-eabi/13.3.1/thumb/v7e-m/nofp\libgcc.a
LOAD C:/ST/STM32CubeIDE_1.18.1/STM32CubeIDE/plugins/com.st.stm32cube.ide.mcu.externaltools.gnu-tools-for-stm32.13.3.rel1.win32_1.0.0.202411081344/tools/bin/../lib/gcc/arm-none-eabi/13.3.1/../../../../arm-none-eabi/lib/thumb/v7e-m/nofp\libc_nano.a
END GROUP
START GROUP
LOAD C:/ST/STM32CubeIDE_1.18.1/STM32CubeIDE/plugins/com.st.stm32cube.ide.mcu.externaltools.gnu-tools-for-stm32.13.3.rel1.win32_1.0.0.202411081344/tools/bin/../lib/gcc/arm-none-eabi/13.3.1/thumb/v7e-m/nofp\libgcc.a
LOAD C:/ST/STM32CubeIDE_1.18.1/STM32CubeIDE/plugins/com.st.stm32cube.ide.mcu.externaltools.gnu-tools-for-stm32.13.3.rel1.win32_1.0.0.202411081344/tools/bin/../lib/gcc/arm-none-eabi/13.3.1/../../../../arm-none-eabi/lib/thumb/v7e-m/nofp\libc_nano.a
LOAD C:/ST/STM32CubeIDE_1.18.1/STM32CubeIDE/plugins/com.st.stm32cube.ide.mcu.externaltools.gnu-tools-for-stm32.13.3.rel1.win32_1.0.0.202411081344/tools/bin/../lib/gcc/arm-none-eabi/13.3.1/../../../../arm-none-eabi/lib/thumb/v7e-m/nofp\libnosys.a
END GROUP
START GROUP
LOAD C:/ST/STM32CubeIDE_1.18.1/STM32CubeIDE/plugins/com.st.stm32cube.ide.mcu.externaltools.gnu-tools-for-stm32.13.3.rel1.win32_1.0.0.202411081344/tools/bin/../lib/gcc/arm-none-eabi/13.3.1/thumb/v7e-m/nofp\libgcc.a
LOAD C:/ST/STM32CubeIDE_1.18.1/STM32CubeIDE/plugins/com.st.stm32cube.ide.mcu.externaltools.gnu-tools-for-stm32.13.3.rel1.win32_1.0.0.202411081344/tools/bin/../lib/gcc/arm-none-eabi/13.3.1/../../../../arm-none-eabi/lib/thumb/v7e-m/nofp\libc_nano.a
LOAD C:/ST/STM32CubeIDE_1.18.1/STM32CubeIDE/plugins/com.st.stm32cube.ide.mcu.externaltools.gnu-tools-for-stm32.13.3.rel1.win32_1.0.0.202411081344/tools/bin/../lib/gcc/arm-none-eabi/13.3.1/../../../../arm-none-eabi/lib/thumb/v7e-m/nofp\libnosys.a
END GROUP
LOAD C:/ST/STM32CubeIDE_1.18.1/STM32CubeIDE/plugins/com.st.stm32cube.ide.mcu.externaltools.gnu-tools-for-stm32.13.3.rel1.win32_1.0.0.202411081344/tools/bin/../lib/gcc/arm-none-eabi/13.3.1/thumb/v7e-m/nofp/crtend.o
LOAD C:/ST/STM32CubeIDE_1.18.1/STM32CubeIDE/plugins/com.st.stm32cube.ide.mcu.externaltools.gnu-tools-for-stm32.13.3.rel1.win32_1.0.0.202411081344/tools/bin/../lib/gcc/arm-none-eabi/13.3.1/thumb/v7e-m/nofp/crtn.o
                0x20020000                        _estack = (ORIGIN (RAM) + LENGTH (RAM))
                0x00000200                        _Min_Heap_Size = 0x200
                0x00000400                        _Min_Stack_Size = 0x400

.isr_vector     0x08000000      0x188
                0x08000000                        . = ALIGN (0x4)
 *(.isr_vector)
 .isr_vector    0x08000000      0x188 ./Startup/startup_stm32f407vgtx.o
                0x08000000                g_pfnVectors
                0x08000188                        . = ALIGN (0x4)

.text           0x08000188      0xab4
                0x08000188                        . = ALIGN (0x4)
 *(.text)
 .text          0x08000188       0x40 C:/ST/STM32CubeIDE_1.18.1/STM32CubeIDE/plugins/com.st.stm32cube.ide.mcu.externaltools.gnu-tools-for-stm32.13.3.rel1.win32_1.0.0.202411081344/tools/bin/../lib/gcc/arm-none-eabi/13.3.1/thumb/v7e-m/nofp/crtbegin.o
 *(.text*)
 .text.SPI2_GPIOInit
                0x080001c8       0x5c ./Src/005spi_arduino_led.o
                0x080001c8                SPI2_GPIOInit
 .text.SPI2_Init
                0x08000224       0x3c ./Src/005spi_arduino_led.o
                0x08000224                SPI2_Init
 .text.GPIO_ButtonInit
                0x08000260       0x30 ./Src/005spi_arduino_led.o
                0x08000260                GPIO_ButtonInit
 .text.delay    0x08000290       0x2c ./Src/005spi_arduino_led.o
                0x08000290                delay
 .text.SPI_verifyresponse
                0x080002bc       0x20 ./Src/005spi_arduino_led.o
                0x080002bc                SPI_verifyresponse
 .text.main     0x080002dc       0xb4 ./Src/005spi_arduino_led.o
                0x080002dc                main
 .text.Reset_Handler
                0x08000390       0x50 ./Startup/startup_stm32f407vgtx.o
                0x08000390                Reset_Handler
 .text.Default_Handler
                0x080003e0        0x2 ./Startup/startup_stm32f407vgtx.o
                0x080003e0                RTC_Alarm_IRQHandler
                0x080003e0                HASH_RNG_IRQHandler
                0x080003e0                EXTI2_IRQHandler
                0x080003e0                TIM8_CC_IRQHandler
                0x080003e0                DebugMon_Handler
                0x080003e0                TIM1_CC_IRQHandler
                0x080003e0                DMA2_Stream5_IRQHandler
                0x080003e0                HardFault_Handler
                0x080003e0                DMA1_Stream5_IRQHandler
                0x080003e0                SysTick_Handler
                0x080003e0                PVD_IRQHandler
                0x080003e0                SDIO_IRQHandler
                0x080003e0                TAMP_STAMP_IRQHandler
                0x080003e0                PendSV_Handler
                0x080003e0                NMI_Handler
                0x080003e0                CAN2_RX1_IRQHandler
                0x080003e0                EXTI3_IRQHandler
                0x080003e0                TIM8_TRG_COM_TIM14_IRQHandler
                0x080003e0                TIM1_UP_TIM10_IRQHandler
                0x080003e0                TIM8_UP_TIM13_IRQHandler
                0x080003e0                I2C3_ER_IRQHandler
                0x080003e0                EXTI0_IRQHandler
                0x080003e0                I2C2_EV_IRQHandler
                0x080003e0                DMA1_Stream2_IRQHandler
                0x080003e0                CAN1_RX0_IRQHandler
                0x080003e0                FPU_IRQHandler
                0x080003e0                OTG_HS_WKUP_IRQHandler
                0x080003e0                UsageFault_Handler
                0x080003e0                CAN2_SCE_IRQHandler
                0x080003e0                DMA2_Stream2_IRQHandler
                0x080003e0                SPI1_IRQHandler
                0x080003e0                TIM6_DAC_IRQHandler
                0x080003e0                TIM1_BRK_TIM9_IRQHandler
                0x080003e0                DCMI_IRQHandler
                0x080003e0                CAN2_RX0_IRQHandler
                0x080003e0                DMA2_Stream3_IRQHandler
                0x080003e0                USART6_IRQHandler
                0x080003e0                USART3_IRQHandler
                0x080003e0                CRYP_IRQHandler
                0x080003e0                CAN1_RX1_IRQHandler
                0x080003e0                UART5_IRQHandler
                0x080003e0                DMA2_Stream0_IRQHandler
                0x080003e0                TIM4_IRQHandler
                0x080003e0                I2C1_EV_IRQHandler
                0x080003e0                DMA1_Stream6_IRQHandler
                0x080003e0                DMA1_Stream1_IRQHandler
                0x080003e0                UART4_IRQHandler
                0x080003e0                TIM3_IRQHandler
                0x080003e0                RCC_IRQHandler
                0x080003e0                TIM8_BRK_TIM12_IRQHandler
                0x080003e0                Default_Handler
                0x080003e0                EXTI15_10_IRQHandler
                0x080003e0                ADC_IRQHandler
                0x080003e0                DMA1_Stream7_IRQHandler
                0x080003e0                TIM7_IRQHandler
                0x080003e0                CAN2_TX_IRQHandler
                0x080003e0                TIM5_IRQHandler
                0x080003e0                DMA2_Stream7_IRQHandler
                0x080003e0                I2C3_EV_IRQHandler
                0x080003e0                EXTI9_5_IRQHandler
                0x080003e0                RTC_WKUP_IRQHandler
                0x080003e0                ETH_WKUP_IRQHandler
                0x080003e0                SPI2_IRQHandler
                0x080003e0                OTG_HS_EP1_IN_IRQHandler
                0x080003e0                MemManage_Handler
                0x080003e0                DMA1_Stream0_IRQHandler
                0x080003e0                CAN1_TX_IRQHandler
                0x080003e0                SVC_Handler
                0x080003e0                EXTI4_IRQHandler
                0x080003e0                FSMC_IRQHandler
                0x080003e0                ETH_IRQHandler
                0x080003e0                OTG_HS_EP1_OUT_IRQHandler
                0x080003e0                WWDG_IRQHandler
                0x080003e0                TIM2_IRQHandler
                0x080003e0                OTG_FS_WKUP_IRQHandler
                0x080003e0                TIM1_TRG_COM_TIM11_IRQHandler
                0x080003e0                OTG_HS_IRQHandler
                0x080003e0                EXTI1_IRQHandler
                0x080003e0                USART2_IRQHandler
                0x080003e0                I2C2_ER_IRQHandler
                0x080003e0                DMA2_Stream1_IRQHandler
                0x080003e0                CAN1_SCE_IRQHandler
                0x080003e0                DMA2_Stream4_IRQHandler
                0x080003e0                BusFault_Handler
                0x080003e0                USART1_IRQHandler
                0x080003e0                OTG_FS_IRQHandler
                0x080003e0                SPI3_IRQHandler
                0x080003e0                DMA1_Stream4_IRQHandler
                0x080003e0                I2C1_ER_IRQHandler
                0x080003e0                DMA2_Stream6_IRQHandler
                0x080003e0                DMA1_Stream3_IRQHandler
 *fill*         0x080003e2        0x2 
 .text.GPIO_Init
                0x080003e4      0x330 ./drivers/Src/stm32f407xx_gpio.o
                0x080003e4                GPIO_Init
 .text.GPIO_PeriClockControl
                0x08000714      0x1d0 ./drivers/Src/stm32f407xx_gpio.o
                0x08000714                GPIO_PeriClockControl
 .text.GPIO_ReadFromInputPin
                0x080008e4       0x2a ./drivers/Src/stm32f407xx_gpio.o
                0x080008e4                GPIO_ReadFromInputPin
 *fill*         0x0800090e        0x2 
 .text.SPI_PeriClockControl
                0x08000910       0xb0 ./drivers/Src/stm32f407xx_spi.o
                0x08000910                SPI_PeriClockControl
 .text.SPI_Init
                0x080009c0       0xac ./drivers/Src/stm32f407xx_spi.o
                0x080009c0                SPI_Init
 .text.SPI_GetFlagStatus
                0x08000a6c       0x26 ./drivers/Src/stm32f407xx_spi.o
                0x08000a6c                SPI_GetFlagStatus
 .text.SPI_SendData
                0x08000a92       0x6e ./drivers/Src/stm32f407xx_spi.o
                0x08000a92                SPI_SendData
 .text.SPI_ReceiveData
                0x08000b00       0x6e ./drivers/Src/stm32f407xx_spi.o
                0x08000b00                SPI_ReceiveData
 .text.SPI_PeripheralControl
                0x08000b6e       0x36 ./drivers/Src/stm32f407xx_spi.o
                0x08000b6e                SPI_PeripheralControl
 .text.SPI_SSOEConfig
                0x08000ba4       0x36 ./drivers/Src/stm32f407xx_spi.o
                0x08000ba4                SPI_SSOEConfig
 *fill*         0x08000bda        0x2 
 .text.__libc_init_array
                0x08000bdc       0x48 C:/ST/STM32CubeIDE_1.18.1/STM32CubeIDE/plugins/com.st.stm32cube.ide.mcu.externaltools.gnu-tools-for-stm32.13.3.rel1.win32_1.0.0.202411081344/tools/bin/../lib/gcc/arm-none-eabi/13.3.1/../../../../arm-none-eabi/lib/thumb/v7e-m/nofp\libc_nano.a(libc_a-init.o)
                0x08000bdc                __libc_init_array
 *(.glue_7)
 .glue_7        0x08000c24        0x0 linker stubs
 *(.glue_7t)
 .glue_7t       0x08000c24        0x0 linker stubs
 *(.eh_frame)
 .eh_frame      0x08000c24        0x0 C:/ST/STM32CubeIDE_1.18.1/STM32CubeIDE/plugins/com.st.stm32cube.ide.mcu.externaltools.gnu-tools-for-stm32.13.3.rel1.win32_1.0.0.202411081344/tools/bin/../lib/gcc/arm-none-eabi/13.3.1/thumb/v7e-m/nofp/crtbegin.o
 *(.init)
 .init          0x08000c24        0x4 C:/ST/STM32CubeIDE_1.18.1/STM32CubeIDE/plugins/com.st.stm32cube.ide.mcu.externaltools.gnu-tools-for-stm32.13.3.rel1.win32_1.0.0.202411081344/tools/bin/../lib/gcc/arm-none-eabi/13.3.1/thumb/v7e-m/nofp/crti.o
                0x08000c24                _init
 .init          0x08000c28        0x8 C:/ST/STM32CubeIDE_1.18.1/STM32CubeIDE/plugins/com.st.stm32cube.ide.mcu.externaltools.gnu-tools-for-stm32.13.3.rel1.win32_1.0.0.202411081344/tools/bin/../lib/gcc/arm-none-eabi/13.3.1/thumb/v7e-m/nofp/crtn.o
 *(.fini)
 .fini          0x08000c30        0x4 C:/ST/STM32CubeIDE_1.18.1/STM32CubeIDE/plugins/com.st.stm32cube.ide.mcu.externaltools.gnu-tools-for-stm32.13.3.rel1.win32_1.0.0.202411081344/tools/bin/../lib/gcc/arm-none-eabi/13.3.1/thumb/v7e-m/nofp/crti.o
                0x08000c30                _fini
 .fini          0x08000c34        0x8 C:/ST/STM32CubeIDE_1.18.1/STM32CubeIDE/plugins/com.st.stm32cube.ide.mcu.externaltools.gnu-tools-for-stm32.13.3.rel1.win32_1.0.0.202411081344/tools/bin/../lib/gcc/arm-none-eabi/13.3.1/thumb/v7e-m/nofp/crtn.o
                0x08000c3c                        . = ALIGN (0x4)
                0x08000c3c                        _etext = .

.vfp11_veneer   0x08000c3c        0x0
 .vfp11_veneer  0x08000c3c        0x0 linker stubs

.v4_bx          0x08000c3c        0x0
 .v4_bx         0x08000c3c        0x0 linker stubs

.iplt           0x08000c3c        0x0
 .iplt          0x08000c3c        0x0 C:/ST/STM32CubeIDE_1.18.1/STM32CubeIDE/plugins/com.st.stm32cube.ide.mcu.externaltools.gnu-tools-for-stm32.13.3.rel1.win32_1.0.0.202411081344/tools/bin/../lib/gcc/arm-none-eabi/13.3.1/thumb/v7e-m/nofp/crtbegin.o

.rodata         0x08000c3c        0x0
                0x08000c3c                        . = ALIGN (0x4)
 *(.rodata)
 *(.rodata*)
                0x08000c3c                        . = ALIGN (0x4)

.ARM.extab      0x08000c3c        0x0
                0x08000c3c                        . = ALIGN (0x4)
 *(.ARM.extab* .gnu.linkonce.armextab.*)
                0x08000c3c                        . = ALIGN (0x4)

.ARM            0x08000c3c        0x0
                0x08000c3c                        . = ALIGN (0x4)
                0x08000c3c                        __exidx_start = .
 *(.ARM.exidx*)
                0x08000c3c                        __exidx_end = .
                0x08000c3c                        . = ALIGN (0x4)

.preinit_array  0x08000c3c        0x0
                0x08000c3c                        . = ALIGN (0x4)
                0x08000c3c                        PROVIDE (__preinit_array_start = .)
 *(.preinit_array*)
                0x08000c3c                        PROVIDE (__preinit_array_end = .)
                0x08000c3c                        . = ALIGN (0x4)

.init_array     0x08000c3c        0x4
                0x08000c3c                        . = ALIGN (0x4)
                0x08000c3c                        PROVIDE (__init_array_start = .)
 *(SORT_BY_NAME(.init_array.*))
 *(.init_array*)
 .init_array    0x08000c3c        0x4 C:/ST/STM32CubeIDE_1.18.1/STM32CubeIDE/plugins/com.st.stm32cube.ide.mcu.externaltools.gnu-tools-for-stm32.13.3.rel1.win32_1.0.0.202411081344/tools/bin/../lib/gcc/arm-none-eabi/13.3.1/thumb/v7e-m/nofp/crtbegin.o
                0x08000c40                        PROVIDE (__init_array_end = .)
                0x08000c40                        . = ALIGN (0x4)

.fini_array     0x08000c40        0x4
                0x08000c40                        . = ALIGN (0x4)
                [!provide]                        PROVIDE (__fini_array_start = .)
 *(SORT_BY_NAME(.fini_array.*))
 *(.fini_array*)
 .fini_array    0x08000c40        0x4 C:/ST/STM32CubeIDE_1.18.1/STM32CubeIDE/plugins/com.st.stm32cube.ide.mcu.externaltools.gnu-tools-for-stm32.13.3.rel1.win32_1.0.0.202411081344/tools/bin/../lib/gcc/arm-none-eabi/13.3.1/thumb/v7e-m/nofp/crtbegin.o
                [!provide]                        PROVIDE (__fini_array_end = .)
                0x08000c44                        . = ALIGN (0x4)
                0x08000c44                        _sidata = LOADADDR (.data)

.rel.dyn        0x08000c44        0x0
 .rel.iplt      0x08000c44        0x0 C:/ST/STM32CubeIDE_1.18.1/STM32CubeIDE/plugins/com.st.stm32cube.ide.mcu.externaltools.gnu-tools-for-stm32.13.3.rel1.win32_1.0.0.202411081344/tools/bin/../lib/gcc/arm-none-eabi/13.3.1/thumb/v7e-m/nofp/crtbegin.o

.data           0x20000000        0x0 load address 0x08000c44
                0x20000000                        . = ALIGN (0x4)
                0x20000000                        _sdata = .
 *(.data)
 *(.data*)
 *(.RamFunc)
 *(.RamFunc*)
                0x20000000                        . = ALIGN (0x4)
                0x20000000                        _edata = .
                0x08000c44                        _siccmram = LOADADDR (.ccmram)

.igot.plt       0x20000000        0x0 load address 0x08000c44
 .igot.plt      0x20000000        0x0 C:/ST/STM32CubeIDE_1.18.1/STM32CubeIDE/plugins/com.st.stm32cube.ide.mcu.externaltools.gnu-tools-for-stm32.13.3.rel1.win32_1.0.0.202411081344/tools/bin/../lib/gcc/arm-none-eabi/13.3.1/thumb/v7e-m/nofp/crtbegin.o

.ccmram         0x10000000        0x0 load address 0x08000c44
                0x10000000                        . = ALIGN (0x4)
                0x10000000                        _sccmram = .
 *(.ccmram)
 *(.ccmram*)
                0x10000000                        . = ALIGN (0x4)
                0x10000000                        _eccmram = .
                0x10000000                        . = ALIGN (0x4)

.bss            0x20000000       0x1c
                0x20000000                        _sbss = .
                0x20000000                        __bss_start__ = _sbss
 *(.bss)
 .bss           0x20000000       0x1c C:/ST/STM32CubeIDE_1.18.1/STM32CubeIDE/plugins/com.st.stm32cube.ide.mcu.externaltools.gnu-tools-for-stm32.13.3.rel1.win32_1.0.0.202411081344/tools/bin/../lib/gcc/arm-none-eabi/13.3.1/thumb/v7e-m/nofp/crtbegin.o
 *(.bss*)
 *(COMMON)
                0x2000001c                        . = ALIGN (0x4)
                0x2000001c                        _ebss = .
                0x2000001c                        __bss_end__ = _ebss

._user_heap_stack
                0x2000001c      0x604
                0x20000020                        . = ALIGN (0x8)
 *fill*         0x2000001c        0x4 
                [!provide]                        PROVIDE (end = .)
                0x20000020                        PROVIDE (_end = .)
                0x20000220                        . = (. + _Min_Heap_Size)
 *fill*         0x20000020      0x200 
                0x20000620                        . = (. + _Min_Stack_Size)
 *fill*         0x20000220      0x400 
                0x20000620                        . = ALIGN (0x8)

/DISCARD/
 libc.a(*)
 libm.a(*)
 libgcc.a(*)

.ARM.attributes
                0x00000000       0x2a
 *(.ARM.attributes)
 .ARM.attributes
                0x00000000       0x1e C:/ST/STM32CubeIDE_1.18.1/STM32CubeIDE/plugins/com.st.stm32cube.ide.mcu.externaltools.gnu-tools-for-stm32.13.3.rel1.win32_1.0.0.202411081344/tools/bin/../lib/gcc/arm-none-eabi/13.3.1/thumb/v7e-m/nofp/crti.o
 .ARM.attributes
                0x0000001e       0x2e C:/ST/STM32CubeIDE_1.18.1/STM32CubeIDE/plugins/com.st.stm32cube.ide.mcu.externaltools.gnu-tools-for-stm32.13.3.rel1.win32_1.0.0.202411081344/tools/bin/../lib/gcc/arm-none-eabi/13.3.1/thumb/v7e-m/nofp/crtbegin.o
 .ARM.attributes
                0x0000004c       0x2e ./Src/005spi_arduino_led.o
 .ARM.attributes
                0x0000007a       0x21 ./Startup/startup_stm32f407vgtx.o
 .ARM.attributes
                0x0000009b       0x2e ./drivers/Src/stm32f407xx_gpio.o
 .ARM.attributes
                0x000000c9       0x2e ./drivers/Src/stm32f407xx_spi.o
 .ARM.attributes
                0x000000f7       0x2e C:/ST/STM32CubeIDE_1.18.1/STM32CubeIDE/plugins/com.st.stm32cube.ide.mcu.externaltools.gnu-tools-for-stm32.13.3.rel1.win32_1.0.0.202411081344/tools/bin/../lib/gcc/arm-none-eabi/13.3.1/../../../../arm-none-eabi/lib/thumb/v7e-m/nofp\libc_nano.a(libc_a-init.o)
 .ARM.attributes
                0x00000125       0x1e C:/ST/STM32CubeIDE_1.18.1/STM32CubeIDE/plugins/com.st.stm32cube.ide.mcu.externaltools.gnu-tools-for-stm32.13.3.rel1.win32_1.0.0.202411081344/tools/bin/../lib/gcc/arm-none-eabi/13.3.1/thumb/v7e-m/nofp/crtn.o
OUTPUT(stm32f4xx_drivers3.elf elf32-littlearm)
LOAD linker stubs
LOAD C:/ST/STM32CubeIDE_1.18.1/STM32CubeIDE/plugins/com.st.stm32cube.ide.mcu.externaltools.gnu-tools-for-stm32.13.3.rel1.win32_1.0.0.202411081344/tools/bin/../lib/gcc/arm-none-eabi/13.3.1/../../../../arm-none-eabi/lib/thumb/v7e-m/nofp\libc.a
LOAD C:/ST/STM32CubeIDE_1.18.1/STM32CubeIDE/plugins/com.st.stm32cube.ide.mcu.externaltools.gnu-tools-for-stm32.13.3.rel1.win32_1.0.0.202411081344/tools/bin/../lib/gcc/arm-none-eabi/13.3.1/../../../../arm-none-eabi/lib/thumb/v7e-m/nofp\libm.a
LOAD C:/ST/STM32CubeIDE_1.18.1/STM32CubeIDE/plugins/com.st.stm32cube.ide.mcu.externaltools.gnu-tools-for-stm32.13.3.rel1.win32_1.0.0.202411081344/tools/bin/../lib/gcc/arm-none-eabi/13.3.1/thumb/v7e-m/nofp\libgcc.a

.debug_info     0x00000000     0x11d7
 .debug_info    0x00000000      0x507 ./Src/005spi_arduino_led.o
 .debug_info    0x00000507       0x30 ./Startup/startup_stm32f407vgtx.o
 .debug_info    0x00000537      0x72a ./drivers/Src/stm32f407xx_gpio.o
 .debug_info    0x00000c61      0x576 ./drivers/Src/stm32f407xx_spi.o

.debug_abbrev   0x00000000      0x45f
 .debug_abbrev  0x00000000      0x190 ./Src/005spi_arduino_led.o
 .debug_abbrev  0x00000190       0x24 ./Startup/startup_stm32f407vgtx.o
 .debug_abbrev  0x000001b4      0x174 ./drivers/Src/stm32f407xx_gpio.o
 .debug_abbrev  0x00000328      0x137 ./drivers/Src/stm32f407xx_spi.o

.debug_aranges  0x00000000      0x140
 .debug_aranges
                0x00000000       0x48 ./Src/005spi_arduino_led.o
 .debug_aranges
                0x00000048       0x28 ./Startup/startup_stm32f407vgtx.o
 .debug_aranges
                0x00000070       0x70 ./drivers/Src/stm32f407xx_gpio.o
 .debug_aranges
                0x000000e0       0x60 ./drivers/Src/stm32f407xx_spi.o

.debug_rnglists
                0x00000000       0xe4
 .debug_rnglists
                0x00000000       0x32 ./Src/005spi_arduino_led.o
 .debug_rnglists
                0x00000032       0x19 ./Startup/startup_stm32f407vgtx.o
 .debug_rnglists
                0x0000004b       0x53 ./drivers/Src/stm32f407xx_gpio.o
 .debug_rnglists
                0x0000009e       0x46 ./drivers/Src/stm32f407xx_spi.o

.debug_macro    0x00000000     0x21ac
 .debug_macro   0x00000000      0x1af ./Src/005spi_arduino_led.o
 .debug_macro   0x000001af      0xad8 ./Src/005spi_arduino_led.o
 .debug_macro   0x00000c87       0x22 ./Src/005spi_arduino_led.o
 .debug_macro   0x00000ca9       0x8e ./Src/005spi_arduino_led.o
 .debug_macro   0x00000d37       0x51 ./Src/005spi_arduino_led.o
 .debug_macro   0x00000d88      0x103 ./Src/005spi_arduino_led.o
 .debug_macro   0x00000e8b       0x6a ./Src/005spi_arduino_led.o
 .debug_macro   0x00000ef5      0x1df ./Src/005spi_arduino_led.o
 .debug_macro   0x000010d4      0x451 ./Src/005spi_arduino_led.o
 .debug_macro   0x00001525       0xc4 ./Src/005spi_arduino_led.o
 .debug_macro   0x000015e9       0x9a ./Src/005spi_arduino_led.o
 .debug_macro   0x00001683       0x61 ./Src/005spi_arduino_led.o
 .debug_macro   0x000016e4       0x24 ./Src/005spi_arduino_led.o
 .debug_macro   0x00001708       0x43 ./Src/005spi_arduino_led.o
 .debug_macro   0x0000174b       0x34 ./Src/005spi_arduino_led.o
 .debug_macro   0x0000177f      0x190 ./Src/005spi_arduino_led.o
 .debug_macro   0x0000190f      0x370 ./Src/005spi_arduino_led.o
 .debug_macro   0x00001c7f       0x16 ./Src/005spi_arduino_led.o
 .debug_macro   0x00001c95       0x4a ./Src/005spi_arduino_led.o
 .debug_macro   0x00001cdf       0x34 ./Src/005spi_arduino_led.o
 .debug_macro   0x00001d13       0x10 ./Src/005spi_arduino_led.o
 .debug_macro   0x00001d23       0x58 ./Src/005spi_arduino_led.o
 .debug_macro   0x00001d7b       0x8e ./Src/005spi_arduino_led.o
 .debug_macro   0x00001e09       0x1c ./Src/005spi_arduino_led.o
 .debug_macro   0x00001e25      0x185 ./Src/005spi_arduino_led.o
 .debug_macro   0x00001faa       0x10 ./Src/005spi_arduino_led.o
 .debug_macro   0x00001fba       0x3c ./Src/005spi_arduino_led.o
 .debug_macro   0x00001ff6       0x20 ./Src/005spi_arduino_led.o
 .debug_macro   0x00002016       0x81 ./drivers/Src/stm32f407xx_gpio.o
 .debug_macro   0x00002097       0x81 ./drivers/Src/stm32f407xx_spi.o
 .debug_macro   0x00002118       0x94 ./drivers/Src/stm32f407xx_spi.o

.debug_line     0x00000000     0x1829
 .debug_line    0x00000000      0x71a ./Src/005spi_arduino_led.o
 .debug_line    0x0000071a       0x7b ./Startup/startup_stm32f407vgtx.o
 .debug_line    0x00000795      0x9f7 ./drivers/Src/stm32f407xx_gpio.o
 .debug_line    0x0000118c      0x69d ./drivers/Src/stm32f407xx_spi.o

.debug_str      0x00000000     0x9449
 .debug_str     0x00000000     0x9449 ./Src/005spi_arduino_led.o
                               0x92f0 (size before relaxing)
 .debug_str     0x00009449       0x73 ./Startup/startup_stm32f407vgtx.o
 .debug_str     0x00009449     0x5bb5 ./drivers/Src/stm32f407xx_gpio.o
 .debug_str     0x00009449     0x5a9b ./drivers/Src/stm32f407xx_spi.o

.comment        0x00000000       0x43
 .comment       0x00000000       0x43 ./Src/005spi_arduino_led.o
                                 0x44 (size before relaxing)
 .comment       0x00000043       0x44 ./drivers/Src/stm32f407xx_gpio.o
 .comment       0x00000043       0x44 ./drivers/Src/stm32f407xx_spi.o

.debug_frame    0x00000000      0x44c
 .debug_frame   0x00000000       0xec ./Src/005spi_arduino_led.o
 .debug_frame   0x000000ec      0x1c8 ./drivers/Src/stm32f407xx_gpio.o
 .debug_frame   0x000002b4      0x16c ./drivers/Src/stm32f407xx_spi.o
 .debug_frame   0x00000420       0x2c C:/ST/STM32CubeIDE_1.18.1/STM32CubeIDE/plugins/com.st.stm32cube.ide.mcu.externaltools.gnu-tools-for-stm32.13.3.rel1.win32_1.0.0.202411081344/tools/bin/../lib/gcc/arm-none-eabi/13.3.1/../../../../arm-none-eabi/lib/thumb/v7e-m/nofp\libc_nano.a(libc_a-init.o)

.debug_line_str
                0x00000000       0x57
 .debug_line_str
                0x00000000       0x57 ./Startup/startup_stm32f407vgtx.o
